Archive member included because of file (symbol)

../../BSP/Debug\libBSP.a(iis.o)
                              ./proyecto.o (iis_init)
../../BSP/Debug\libBSP.a(keypad.o)
                              ./proyecto.o (keypad_init)
../../BSP/Debug\libBSP.a(lcd.o)
                              ./proyecto.o (lcd_init)
../../BSP/Debug\libBSP.a(leds.o)
                              ./proyecto.o (leds_init)
../../BSP/Debug\libBSP.a(pbs.o)
                              ./proyecto.o (pbs_init)
../../BSP/Debug\libBSP.a(power.o)
                              ../../BSP/Debug\libBSP.a(iis.o) (power_on)
../../BSP/Debug\libBSP.a(rtc.o)
                              ./proyecto.o (rtc_init)
../../BSP/Debug\libBSP.a(segs.o)
                              ./proyecto.o (segs_init)
../../BSP/Debug\libBSP.a(system.o)
                              ./proyecto.o (sys_init)
../../BSP/Debug\libBSP.a(timers.o)
                              ../../BSP/Debug\libBSP.a(keypad.o) (timers_init)
../../BSP/Debug\libBSP.a(uart.o)
                              ./proyecto.o (uart0_init)
../../BSP/Debug\libBSP.a(uda1341ts.o)
                              ./proyecto.o (uda1341ts_init)
../../BSP/Debug\libBSP.a(dma.o)
                              ../../BSP/Debug\libBSP.a(iis.o) (bdma0_init)
../../BSP/Debug\libBSP.a(font8x16.o)
                              ../../BSP/Debug\libBSP.a(lcd.o) (font)
../../BSP/Debug\libBSP.a(l3.o)
                              ../../BSP/Debug\libBSP.a(uda1341ts.o) (L3_init)
c:/software/electronica/arm/eclipsearm/sourcery-g++-lite-arm-2011.03/bin/../lib/gcc/arm-none-eabi/4.5.2\libgcc.a(_udivsi3.o)
                              ../../BSP/Debug\libBSP.a(timers.o) (__aeabi_uidiv)
c:/software/electronica/arm/eclipsearm/sourcery-g++-lite-arm-2011.03/bin/../lib/gcc/arm-none-eabi/4.5.2\libgcc.a(_dvmd_tls.o)
                              c:/software/electronica/arm/eclipsearm/sourcery-g++-lite-arm-2011.03/bin/../lib/gcc/arm-none-eabi/4.5.2\libgcc.a(_udivsi3.o) (__aeabi_idiv0)
c:/software/electronica/arm/eclipsearm/sourcery-g++-lite-arm-2011.03/bin/../lib/gcc/arm-none-eabi/4.5.2\libgcc.a(_aeabi_uldivmod.o)
                              ../../BSP/Debug\libBSP.a(timers.o) (__aeabi_uldivmod)
c:/software/electronica/arm/eclipsearm/sourcery-g++-lite-arm-2011.03/bin/../lib/gcc/arm-none-eabi/4.5.2\libgcc.a(bpabi.o)
                              c:/software/electronica/arm/eclipsearm/sourcery-g++-lite-arm-2011.03/bin/../lib/gcc/arm-none-eabi/4.5.2\libgcc.a(_aeabi_uldivmod.o) (__gnu_uldivmod_helper)
c:/software/electronica/arm/eclipsearm/sourcery-g++-lite-arm-2011.03/bin/../lib/gcc/arm-none-eabi/4.5.2\libgcc.a(_divdi3.o)
                              c:/software/electronica/arm/eclipsearm/sourcery-g++-lite-arm-2011.03/bin/../lib/gcc/arm-none-eabi/4.5.2\libgcc.a(bpabi.o) (__divdi3)
c:/software/electronica/arm/eclipsearm/sourcery-g++-lite-arm-2011.03/bin/../lib/gcc/arm-none-eabi/4.5.2\libgcc.a(_udivdi3.o)
                              c:/software/electronica/arm/eclipsearm/sourcery-g++-lite-arm-2011.03/bin/../lib/gcc/arm-none-eabi/4.5.2\libgcc.a(bpabi.o) (__udivdi3)
c:/software/electronica/arm/eclipsearm/sourcery-g++-lite-arm-2011.03/bin/../lib/gcc/arm-none-eabi/4.5.2\libgcc.a(_clzsi2.o)
                              c:/software/electronica/arm/eclipsearm/sourcery-g++-lite-arm-2011.03/bin/../lib/gcc/arm-none-eabi/4.5.2\libgcc.a(_divdi3.o) (__clzsi2)

Allocating common symbols
Common symbol       size              file

extraOption         0x1               ./proyecto.o

Memory Configuration

Name             Origin             Length             Attributes
*default*        0x00000000         0xffffffff

Linker script and memory map

LOAD ./proyecto.o
LOAD ../../BSP/Debug\libBSP.a
START GROUP
LOAD c:/software/electronica/arm/eclipsearm/sourcery-g++-lite-arm-2011.03/bin/../lib/gcc/arm-none-eabi/4.5.2\libgcc.a
LOAD c:/software/electronica/arm/eclipsearm/sourcery-g++-lite-arm-2011.03/bin/../lib/gcc/arm-none-eabi/4.5.2/../../../../arm-none-eabi/lib\libc.a
END GROUP
                0x0c100000                . = 0xc100000
                0x0c100000                _image_start = .
                0x0c100000                _code_start = .

.text           0x0c100000     0xa3fc
 *(.text)
 .text          0x0c100000     0x3928 ./proyecto.o
                0x0c100000                main
                0x0c100130                showMainMenu
                0x0c100228                handleMainOption
                0x0c1002a4                levelOne
                0x0c100434                levelTwo
                0x0c1005d0                extrasMenu
                0x0c1006c0                handleExtraMenuOption
                0x0c10074c                record
                0x0c100804                requestText
                0x0c10088c                showAbout
                0x0c1008d4                iis_textToSpeech
                0x0c103864                isr_tick
 .text          0x0c103928      0x740 ../../BSP/Debug\libBSP.a(iis.o)
                0x0c103928                iis_init
                0x0c103ad0                iis_putSample
                0x0c103b38                iis_getSample
                0x0c103bac                iis_play
                0x0c103d48                iis_rec
                0x0c103eb8                iis_pause
                0x0c103ef8                iis_continue
                0x0c103f38                iis_status
                0x0c103f60                iis_playwawFile
 .text          0x0c104068      0xa20 ../../BSP/Debug\libBSP.a(keypad.o)
                0x0c104068                keypad_scan
                0x0c10428c                keypad_status
                0x0c104598                keypad_wait_keydown
                0x0c10461c                keypad_wait_keyup
                0x0c1046c0                keypad_wait_any_keydown
                0x0c1046fc                keypad_wait_any_keyup
                0x0c104758                keypad_getchartime
                0x0c104800                keypad_timeout_getchar
                0x0c1048f0                keypad_open
                0x0c104948                keypad_close
                0x0c10498c                keypad_init
                0x0c104a14                keypad_getchar
 .text          0x0c104a88     0x13e4 ../../BSP/Debug\libBSP.a(lcd.o)
                0x0c104a88                lcd_init
                0x0c104c38                lcd_on
                0x0c104c74                lcd_off
                0x0c104cb0                lcd_status
                0x0c104cd8                lcd_clear
                0x0c104d38                lcd_putpixel
                0x0c104e24                lcd_getpixel
                0x0c104ec0                lcd_draw_hline
                0x0c105018                lcd_draw_vline
                0x0c105170                lcd_draw_box
                0x0c105268                lcd_putchar
                0x0c1054e4                lcd_puts
                0x0c105558                lcd_putint
                0x0c1056d4                lcd_puthex
                0x0c1057b4                lcd_putchar_x2
                0x0c105a40                lcd_puts_x2
                0x0c105ab4                lcd_putint_x2
                0x0c105c30                lcd_puthex_x2
                0x0c105d10                lcd_putWallpaper
 .text          0x0c105e6c      0x1e4 ../../BSP/Debug\libBSP.a(leds.o)
                0x0c105e6c                leds_init
                0x0c105eb4                led_on
                0x0c105f1c                led_off
                0x0c105f90                led_toggle
                0x0c105ff4                led_status
 .text          0x0c106050      0x524 ../../BSP/Debug\libBSP.a(pbs.o)
                0x0c106050                pbs_init
                0x0c1060c0                pb_scan
                0x0c10611c                pb_status
                0x0c106168                pb_wait_keydown
                0x0c1061b4                pb_wait_keyup
                0x0c106224                pb_wait_any_keydown
                0x0c106260                pb_wait_any_keyup
                0x0c1062bc                pb_getchar
                0x0c106330                pb_getchartime
                0x0c1063d8                pb_timeout_getchar
                0x0c1064c8                pbs_open
                0x0c106530                pbs_close
 .text          0x0c106574      0x214 ../../BSP/Debug\libBSP.a(power.o)
                0x0c106574                power_on
                0x0c106654                power_off
                0x0c106738                power_status
 .text          0x0c106788      0x92c ../../BSP/Debug\libBSP.a(rtc.o)
                0x0c106788                rtc_init
                0x0c1068cc                rtc_puttime
                0x0c106b84                rtc_gettime
                0x0c106fec                rtc_open
                0x0c107060                rtc_close
 .text          0x0c1070b4       0xf4 ../../BSP/Debug\libBSP.a(segs.o)
                0x0c1070b4                segs_init
                0x0c1070f0                segs_off
                0x0c107128                segs_putchar
                0x0c107180                segs_status
 .text          0x0c1071a8     0x1050 ../../BSP/Debug\libBSP.a(system.o)
                0x0c1071a8                sys_init
                0x0c107854                isr_SWI_dummy
                0x0c107880                isr_UNDEF_dummy
                0x0c1078ac                isr_IRQ_dummy
                0x0c1078d8                isr_FIQ_dummy
                0x0c107904                isr_PABORT_dummy
                0x0c107930                isr_DABORT_dummy
                0x0c10795c                isr_ADC_dummy
                0x0c107988                isr_RTC_dummy
                0x0c1079b4                isr_UTXD1_dummy
                0x0c1079e0                isr_UTXD0_dummy
                0x0c107a0c                isr_SIO_dummy
                0x0c107a38                isr_IIC_dummy
                0x0c107a64                isr_URXD1_dummy
                0x0c107a90                isr_URXD0_dummy
                0x0c107abc                isr_TIMER5_dummy
                0x0c107ae8                isr_TIMER4_dummy
                0x0c107b14                isr_TIMER3_dummy
                0x0c107b40                isr_TIMER2_dummy
                0x0c107b6c                isr_TIMER1_dummy
                0x0c107b98                isr_TIMER0_dummy
                0x0c107bc4                isr_UERR01_dummy
                0x0c107bf0                isr_WDT_dummy
                0x0c107c1c                isr_BDMA1_dummy
                0x0c107c48                isr_BDMA0_dummy
                0x0c107c74                isr_ZDMA1_dummy
                0x0c107ca0                isr_ZDMA0_dummy
                0x0c107ccc                isr_TICK_dummy
                0x0c107cf8                isr_PB_dummy
                0x0c107d24                isr_ETHERNET_dummy
                0x0c107d50                isr_TS_dummy
                0x0c107d7c                isr_KEYPAD_dummy
                0x0c107da8                isr_USB_dummy
                0x0c108088                getmem
                0x0c1081c8                sleep
 .text          0x0c1081f8      0xad4 ../../BSP/Debug\libBSP.a(timers.o)
                0x0c1081f8                timers_init
                0x0c1083c0                timer3_delay_ms
                0x0c1084c0                sw_delay_ms
                0x0c108518                timer3_delay_s
                0x0c108614                sw_delay_s
                0x0c10866c                timer3_start
                0x0c108748                timer3_stop
                0x0c10879c                timer3_start_timeout
                0x0c108880                timer3_timeout
                0x0c1088bc                timer0_open_tick
                0x0c108b14                timer0_open_ms
                0x0c108c38                timer0_close
 .text          0x0c108ccc      0x618 ../../BSP/Debug\libBSP.a(uart.o)
                0x0c108ccc                uart0_init
                0x0c108d9c                uart0_putchar
                0x0c108dec                uart0_getchar
                0x0c108e3c                uart0_puts
                0x0c108e8c                uart0_putint
                0x0c108fe0                uart0_puthex
                0x0c109098                uart0_gets
                0x0c1090f8                uart0_getint
                0x0c1091d0                uart0_gethex
 .text          0x0c1092e4      0x2b0 ../../BSP/Debug\libBSP.a(uda1341ts.o)
                0x0c1092e4                uda1341ts_init
                0x0c109360                uda1341ts_mute
                0x0c1093b4                uda1341ts_on
                0x0c109428                uda1341ts_off
                0x0c1094ac                uda1341ts_status
                0x0c109508                uda1341ts_setvol
                0x0c10956c                uda1341ts_getvol
 .text          0x0c109594       0xfc ../../BSP/Debug\libBSP.a(dma.o)
                0x0c109594                bdma0_init
                0x0c1095f0                bdma0_open
                0x0c10964c                bdma0_close
 .text          0x0c109690        0x0 ../../BSP/Debug\libBSP.a(font8x16.o)
 .text          0x0c109690      0x274 ../../BSP/Debug\libBSP.a(l3.o)
                0x0c109690                L3_init
                0x0c109750                L3_putByte
 .text          0x0c109904      0x114 c:/software/electronica/arm/eclipsearm/sourcery-g++-lite-arm-2011.03/bin/../lib/gcc/arm-none-eabi/4.5.2\libgcc.a(_udivsi3.o)
                0x0c109904                __aeabi_uidiv
                0x0c109904                __udivsi3
                0x0c1099f8                __aeabi_uidivmod
 .text          0x0c109a18        0x4 c:/software/electronica/arm/eclipsearm/sourcery-g++-lite-arm-2011.03/bin/../lib/gcc/arm-none-eabi/4.5.2\libgcc.a(_dvmd_tls.o)
                0x0c109a18                __aeabi_idiv0
                0x0c109a18                __aeabi_ldiv0
 .text          0x0c109a1c       0x3c c:/software/electronica/arm/eclipsearm/sourcery-g++-lite-arm-2011.03/bin/../lib/gcc/arm-none-eabi/4.5.2\libgcc.a(_aeabi_uldivmod.o)
                0x0c109a1c                __aeabi_uldivmod
 .text          0x0c109a58       0x80 c:/software/electronica/arm/eclipsearm/sourcery-g++-lite-arm-2011.03/bin/../lib/gcc/arm-none-eabi/4.5.2\libgcc.a(bpabi.o)
                0x0c109a58                __gnu_ldivmod_helper
                0x0c109a98                __gnu_uldivmod_helper
 .text          0x0c109ad8      0x4a8 c:/software/electronica/arm/eclipsearm/sourcery-g++-lite-arm-2011.03/bin/../lib/gcc/arm-none-eabi/4.5.2\libgcc.a(_divdi3.o)
                0x0c109ad8                __divdi3
 .text          0x0c109f80      0x434 c:/software/electronica/arm/eclipsearm/sourcery-g++-lite-arm-2011.03/bin/../lib/gcc/arm-none-eabi/4.5.2\libgcc.a(_udivdi3.o)
                0x0c109f80                __udivdi3
 .text          0x0c10a3b4       0x48 c:/software/electronica/arm/eclipsearm/sourcery-g++-lite-arm-2011.03/bin/../lib/gcc/arm-none-eabi/4.5.2\libgcc.a(_clzsi2.o)
                0x0c10a3b4                __clzsi2
                0x0c10a3fc                _code_end = .
                0x0000a3fc                _code_size = SIZEOF (.text)
                0x0c10a3fc                _data_start = .

.glue_7         0x0c10a3fc        0x0
 .glue_7        0x00000000        0x0 linker stubs

.glue_7t        0x0c10a3fc        0x0
 .glue_7t       0x00000000        0x0 linker stubs

.vfp11_veneer   0x0c10a3fc        0x0
 .vfp11_veneer  0x00000000        0x0 linker stubs

.v4_bx          0x0c10a3fc        0x0
 .v4_bx         0x00000000        0x0 linker stubs

.rodata         0x0c10a3fc     0x1a34
 *(.rodata)
 .rodata        0x0c10a3fc      0x44c ./proyecto.o
 .rodata        0x0c10a848       0x10 ../../BSP/Debug\libBSP.a(segs.o)
 .rodata        0x0c10a858      0x5d8 ../../BSP/Debug\libBSP.a(system.o)
 .rodata        0x0c10ae30     0x1000 ../../BSP/Debug\libBSP.a(font8x16.o)
                0x0c10ae30                font

.ARM.extab      0x0c10be30        0x0
 .ARM.extab     0x0c10be30        0x0 c:/software/electronica/arm/eclipsearm/sourcery-g++-lite-arm-2011.03/bin/../lib/gcc/arm-none-eabi/4.5.2\libgcc.a(_divdi3.o)
 .ARM.extab     0x0c10be30        0x0 c:/software/electronica/arm/eclipsearm/sourcery-g++-lite-arm-2011.03/bin/../lib/gcc/arm-none-eabi/4.5.2\libgcc.a(_udivdi3.o)

.ARM.exidx      0x0c10be30        0x8
 .ARM.exidx     0x0c10be30        0x8 c:/software/electronica/arm/eclipsearm/sourcery-g++-lite-arm-2011.03/bin/../lib/gcc/arm-none-eabi/4.5.2\libgcc.a(_divdi3.o)
 .ARM.exidx     0x0c10be38        0x0 c:/software/electronica/arm/eclipsearm/sourcery-g++-lite-arm-2011.03/bin/../lib/gcc/arm-none-eabi/4.5.2\libgcc.a(_udivdi3.o)
                                  0x8 (size before relaxing)

.data           0x0c10be38      0x2e8
 *(.data)
 .data          0x0c10be38      0x2d8 ./proyecto.o
                0x0c10be38                syllablesWavFile
 .data          0x0c10c110        0x0 ../../BSP/Debug\libBSP.a(iis.o)
 .data          0x0c10c110        0x0 ../../BSP/Debug\libBSP.a(keypad.o)
 .data          0x0c10c110        0x0 ../../BSP/Debug\libBSP.a(lcd.o)
 .data          0x0c10c110        0x0 ../../BSP/Debug\libBSP.a(leds.o)
 .data          0x0c10c110        0x0 ../../BSP/Debug\libBSP.a(pbs.o)
 .data          0x0c10c110        0x0 ../../BSP/Debug\libBSP.a(power.o)
 .data          0x0c10c110        0x0 ../../BSP/Debug\libBSP.a(rtc.o)
 .data          0x0c10c110        0x0 ../../BSP/Debug\libBSP.a(segs.o)
 .data          0x0c10c110       0x10 ../../BSP/Debug\libBSP.a(system.o)
                0x0c10c118                mclk
 .data          0x0c10c120        0x0 ../../BSP/Debug\libBSP.a(timers.o)
 .data          0x0c10c120        0x0 ../../BSP/Debug\libBSP.a(uart.o)
 .data          0x0c10c120        0x0 ../../BSP/Debug\libBSP.a(uda1341ts.o)
 .data          0x0c10c120        0x0 ../../BSP/Debug\libBSP.a(dma.o)
 .data          0x0c10c120        0x0 ../../BSP/Debug\libBSP.a(font8x16.o)
 .data          0x0c10c120        0x0 ../../BSP/Debug\libBSP.a(l3.o)
 .data          0x0c10c120        0x0 c:/software/electronica/arm/eclipsearm/sourcery-g++-lite-arm-2011.03/bin/../lib/gcc/arm-none-eabi/4.5.2\libgcc.a(_udivsi3.o)
 .data          0x0c10c120        0x0 c:/software/electronica/arm/eclipsearm/sourcery-g++-lite-arm-2011.03/bin/../lib/gcc/arm-none-eabi/4.5.2\libgcc.a(_dvmd_tls.o)
 .data          0x0c10c120        0x0 c:/software/electronica/arm/eclipsearm/sourcery-g++-lite-arm-2011.03/bin/../lib/gcc/arm-none-eabi/4.5.2\libgcc.a(_aeabi_uldivmod.o)
 .data          0x0c10c120        0x0 c:/software/electronica/arm/eclipsearm/sourcery-g++-lite-arm-2011.03/bin/../lib/gcc/arm-none-eabi/4.5.2\libgcc.a(bpabi.o)
 .data          0x0c10c120        0x0 c:/software/electronica/arm/eclipsearm/sourcery-g++-lite-arm-2011.03/bin/../lib/gcc/arm-none-eabi/4.5.2\libgcc.a(_divdi3.o)
 .data          0x0c10c120        0x0 c:/software/electronica/arm/eclipsearm/sourcery-g++-lite-arm-2011.03/bin/../lib/gcc/arm-none-eabi/4.5.2\libgcc.a(_udivdi3.o)
 .data          0x0c10c120        0x0 c:/software/electronica/arm/eclipsearm/sourcery-g++-lite-arm-2011.03/bin/../lib/gcc/arm-none-eabi/4.5.2\libgcc.a(_clzsi2.o)

.lcdbuffer      0x0c10c120     0x9600
 .lcdbuffer     0x0c10c120     0x9600 ../../BSP/Debug\libBSP.a(lcd.o)

.bss            0x0c115720       0x47
 *(.bss)
 .bss           0x0c115720        0x2 ./proyecto.o
                0x0c115720                close
                0x0c115721                back
 .bss           0x0c115722        0x2 ../../BSP/Debug\libBSP.a(iis.o)
 .bss           0x0c115724        0x0 ../../BSP/Debug\libBSP.a(keypad.o)
 .bss           0x0c115724       0x34 ../../BSP/Debug\libBSP.a(lcd.o)
 .bss           0x0c115758        0x1 ../../BSP/Debug\libBSP.a(leds.o)
 .bss           0x0c115759        0x0 ../../BSP/Debug\libBSP.a(pbs.o)
 .bss           0x0c115759        0x0 ../../BSP/Debug\libBSP.a(power.o)
 .bss           0x0c115759        0x0 ../../BSP/Debug\libBSP.a(rtc.o)
 .bss           0x0c115759        0x1 ../../BSP/Debug\libBSP.a(segs.o)
 .bss           0x0c11575a        0x0 ../../BSP/Debug\libBSP.a(system.o)
 *fill*         0x0c11575a        0x2 00
 .bss           0x0c11575c        0x8 ../../BSP/Debug\libBSP.a(timers.o)
 .bss           0x0c115764        0x0 ../../BSP/Debug\libBSP.a(uart.o)
 .bss           0x0c115764        0x2 ../../BSP/Debug\libBSP.a(uda1341ts.o)
 .bss           0x0c115766        0x0 ../../BSP/Debug\libBSP.a(dma.o)
 .bss           0x0c115766        0x0 ../../BSP/Debug\libBSP.a(font8x16.o)
 .bss           0x0c115766        0x0 ../../BSP/Debug\libBSP.a(l3.o)
 .bss           0x0c115766        0x0 c:/software/electronica/arm/eclipsearm/sourcery-g++-lite-arm-2011.03/bin/../lib/gcc/arm-none-eabi/4.5.2\libgcc.a(_udivsi3.o)
 .bss           0x0c115766        0x0 c:/software/electronica/arm/eclipsearm/sourcery-g++-lite-arm-2011.03/bin/../lib/gcc/arm-none-eabi/4.5.2\libgcc.a(_dvmd_tls.o)
 .bss           0x0c115766        0x0 c:/software/electronica/arm/eclipsearm/sourcery-g++-lite-arm-2011.03/bin/../lib/gcc/arm-none-eabi/4.5.2\libgcc.a(_aeabi_uldivmod.o)
 .bss           0x0c115766        0x0 c:/software/electronica/arm/eclipsearm/sourcery-g++-lite-arm-2011.03/bin/../lib/gcc/arm-none-eabi/4.5.2\libgcc.a(bpabi.o)
 .bss           0x0c115766        0x0 c:/software/electronica/arm/eclipsearm/sourcery-g++-lite-arm-2011.03/bin/../lib/gcc/arm-none-eabi/4.5.2\libgcc.a(_divdi3.o)
 .bss           0x0c115766        0x0 c:/software/electronica/arm/eclipsearm/sourcery-g++-lite-arm-2011.03/bin/../lib/gcc/arm-none-eabi/4.5.2\libgcc.a(_udivdi3.o)
 .bss           0x0c115766        0x0 c:/software/electronica/arm/eclipsearm/sourcery-g++-lite-arm-2011.03/bin/../lib/gcc/arm-none-eabi/4.5.2\libgcc.a(_clzsi2.o)
 COMMON         0x0c115766        0x1 ./proyecto.o
                0x0c115766                extraOption
                0x0c115767                _data_end = .
                0x00001d63                _data_size = ((SIZEOF (.rodata) + SIZEOF (.data)) + SIZEOF (.bss))
                0x0000c15f                _total_size = (_code_size + _data_size)
                0x0c115767                _image_end = .
                0x0c115767                end = .
OUTPUT(proyecto.elf elf32-littlearm)

.debug_abbrev   0x00000000      0xd81
 .debug_abbrev  0x00000000      0x1cb ./proyecto.o
 .debug_abbrev  0x000001cb       0xd4 ../../BSP/Debug\libBSP.a(iis.o)
 .debug_abbrev  0x0000029f       0xf0 ../../BSP/Debug\libBSP.a(keypad.o)
 .debug_abbrev  0x0000038f      0x15e ../../BSP/Debug\libBSP.a(lcd.o)
 .debug_abbrev  0x000004ed       0x9c ../../BSP/Debug\libBSP.a(leds.o)
 .debug_abbrev  0x00000589       0xd2 ../../BSP/Debug\libBSP.a(pbs.o)
 .debug_abbrev  0x0000065b       0x76 ../../BSP/Debug\libBSP.a(power.o)
 .debug_abbrev  0x000006d1       0xbe ../../BSP/Debug\libBSP.a(rtc.o)
 .debug_abbrev  0x0000078f       0xb3 ../../BSP/Debug\libBSP.a(segs.o)
 .debug_abbrev  0x00000842      0x149 ../../BSP/Debug\libBSP.a(system.o)
 .debug_abbrev  0x0000098b       0xee ../../BSP/Debug\libBSP.a(timers.o)
 .debug_abbrev  0x00000a79       0xc8 ../../BSP/Debug\libBSP.a(uart.o)
 .debug_abbrev  0x00000b41       0xc2 ../../BSP/Debug\libBSP.a(uda1341ts.o)
 .debug_abbrev  0x00000c03       0x84 ../../BSP/Debug\libBSP.a(dma.o)
 .debug_abbrev  0x00000c87       0x63 ../../BSP/Debug\libBSP.a(font8x16.o)
 .debug_abbrev  0x00000cea       0x97 ../../BSP/Debug\libBSP.a(l3.o)

.debug_info     0x00000000     0x2d63
 .debug_info    0x00000000      0xa89 ./proyecto.o
 .debug_info    0x00000a89      0x29c ../../BSP/Debug\libBSP.a(iis.o)
 .debug_info    0x00000d25      0x25f ../../BSP/Debug\libBSP.a(keypad.o)
 .debug_info    0x00000f84      0x74f ../../BSP/Debug\libBSP.a(lcd.o)
 .debug_info    0x000016d3      0x142 ../../BSP/Debug\libBSP.a(leds.o)
 .debug_info    0x00001815      0x240 ../../BSP/Debug\libBSP.a(pbs.o)
 .debug_info    0x00001a55       0xf0 ../../BSP/Debug\libBSP.a(power.o)
 .debug_info    0x00001b45      0x1ac ../../BSP/Debug\libBSP.a(rtc.o)
 .debug_info    0x00001cf1      0x118 ../../BSP/Debug\libBSP.a(segs.o)
 .debug_info    0x00001e09      0x593 ../../BSP/Debug\libBSP.a(system.o)
 .debug_info    0x0000239c      0x2b7 ../../BSP/Debug\libBSP.a(timers.o)
 .debug_info    0x00002653      0x2d3 ../../BSP/Debug\libBSP.a(uart.o)
 .debug_info    0x00002926      0x188 ../../BSP/Debug\libBSP.a(uda1341ts.o)
 .debug_info    0x00002aae       0xc7 ../../BSP/Debug\libBSP.a(dma.o)
 .debug_info    0x00002b75       0x95 ../../BSP/Debug\libBSP.a(font8x16.o)
 .debug_info    0x00002c0a      0x159 ../../BSP/Debug\libBSP.a(l3.o)

.debug_line     0x00000000     0x1595
 .debug_line    0x00000000      0x495 ./proyecto.o
 .debug_line    0x00000495      0x143 ../../BSP/Debug\libBSP.a(iis.o)
 .debug_line    0x000005d8      0x1d2 ../../BSP/Debug\libBSP.a(keypad.o)
 .debug_line    0x000007aa      0x298 ../../BSP/Debug\libBSP.a(lcd.o)
 .debug_line    0x00000a42       0x98 ../../BSP/Debug\libBSP.a(leds.o)
 .debug_line    0x00000ada      0x156 ../../BSP/Debug\libBSP.a(pbs.o)
 .debug_line    0x00000c30       0x99 ../../BSP/Debug\libBSP.a(power.o)
 .debug_line    0x00000cc9       0xfa ../../BSP/Debug\libBSP.a(rtc.o)
 .debug_line    0x00000dc3       0xa0 ../../BSP/Debug\libBSP.a(segs.o)
 .debug_line    0x00000e63      0x1e1 ../../BSP/Debug\libBSP.a(system.o)
 .debug_line    0x00001044      0x194 ../../BSP/Debug\libBSP.a(timers.o)
 .debug_line    0x000011d8      0x14f ../../BSP/Debug\libBSP.a(uart.o)
 .debug_line    0x00001327       0xba ../../BSP/Debug\libBSP.a(uda1341ts.o)
 .debug_line    0x000013e1       0x9c ../../BSP/Debug\libBSP.a(dma.o)
 .debug_line    0x0000147d       0x56 ../../BSP/Debug\libBSP.a(font8x16.o)
 .debug_line    0x000014d3       0xc2 ../../BSP/Debug\libBSP.a(l3.o)

.debug_macinfo  0x00000000    0x450dd
 .debug_macinfo
                0x00000000     0x5582 ./proyecto.o
 .debug_macinfo
                0x00005582     0x4bb7 ../../BSP/Debug\libBSP.a(iis.o)
 .debug_macinfo
                0x0000a139     0x4e0c ../../BSP/Debug\libBSP.a(keypad.o)
 .debug_macinfo
                0x0000ef45     0x42e3 ../../BSP/Debug\libBSP.a(lcd.o)
 .debug_macinfo
                0x00013228     0x41e0 ../../BSP/Debug\libBSP.a(leds.o)
 .debug_macinfo
                0x00017408     0x4bab ../../BSP/Debug\libBSP.a(pbs.o)
 .debug_macinfo
                0x0001bfb3     0x41af ../../BSP/Debug\libBSP.a(power.o)
 .debug_macinfo
                0x00020162     0x4ba1 ../../BSP/Debug\libBSP.a(rtc.o)
 .debug_macinfo
                0x00024d03     0x4b17 ../../BSP/Debug\libBSP.a(segs.o)
 .debug_macinfo
                0x0002981a     0x50e4 ../../BSP/Debug\libBSP.a(system.o)
 .debug_macinfo
                0x0002e8fe     0x4b31 ../../BSP/Debug\libBSP.a(timers.o)
 .debug_macinfo
                0x0003342f     0x4c40 ../../BSP/Debug\libBSP.a(uart.o)
 .debug_macinfo
                0x0003806f     0x2269 ../../BSP/Debug\libBSP.a(uda1341ts.o)
 .debug_macinfo
                0x0003a2d8     0x4b04 ../../BSP/Debug\libBSP.a(dma.o)
 .debug_macinfo
                0x0003eddc     0x2154 ../../BSP/Debug\libBSP.a(font8x16.o)
 .debug_macinfo
                0x00040f30     0x41ad ../../BSP/Debug\libBSP.a(l3.o)

.debug_loc      0x00000000     0x1c04
 .debug_loc     0x00000000      0x370 ./proyecto.o
 .debug_loc     0x00000370      0x1b8 ../../BSP/Debug\libBSP.a(iis.o)
 .debug_loc     0x00000528      0x210 ../../BSP/Debug\libBSP.a(keypad.o)
 .debug_loc     0x00000738      0x344 ../../BSP/Debug\libBSP.a(lcd.o)
 .debug_loc     0x00000a7c       0xdc ../../BSP/Debug\libBSP.a(leds.o)
 .debug_loc     0x00000b58      0x210 ../../BSP/Debug\libBSP.a(pbs.o)
 .debug_loc     0x00000d68       0x84 ../../BSP/Debug\libBSP.a(power.o)
 .debug_loc     0x00000dec       0xdc ../../BSP/Debug\libBSP.a(rtc.o)
 .debug_loc     0x00000ec8       0xb0 ../../BSP/Debug\libBSP.a(segs.o)
 .debug_loc     0x00000f78      0x6b4 ../../BSP/Debug\libBSP.a(system.o)
 .debug_loc     0x0000162c      0x23c ../../BSP/Debug\libBSP.a(timers.o)
 .debug_loc     0x00001868      0x18c ../../BSP/Debug\libBSP.a(uart.o)
 .debug_loc     0x000019f4      0x134 ../../BSP/Debug\libBSP.a(uda1341ts.o)
 .debug_loc     0x00001b28       0x84 ../../BSP/Debug\libBSP.a(dma.o)
 .debug_loc     0x00001bac       0x58 ../../BSP/Debug\libBSP.a(l3.o)

.debug_pubnames
                0x00000000      0xb7a
 .debug_pubnames
                0x00000000      0x107 ./proyecto.o
 .debug_pubnames
                0x00000107       0x9e ../../BSP/Debug\libBSP.a(iis.o)
 .debug_pubnames
                0x000001a5      0x10e ../../BSP/Debug\libBSP.a(keypad.o)
 .debug_pubnames
                0x000002b3      0x143 ../../BSP/Debug\libBSP.a(lcd.o)
 .debug_pubnames
                0x000003f6       0x55 ../../BSP/Debug\libBSP.a(leds.o)
 .debug_pubnames
                0x0000044b       0xe1 ../../BSP/Debug\libBSP.a(pbs.o)
 .debug_pubnames
                0x0000052c       0x3e ../../BSP/Debug\libBSP.a(power.o)
 .debug_pubnames
                0x0000056a       0x5a ../../BSP/Debug\libBSP.a(rtc.o)
 .debug_pubnames
                0x000005c4       0x4e ../../BSP/Debug\libBSP.a(segs.o)
 .debug_pubnames
                0x00000612      0x2b1 ../../BSP/Debug\libBSP.a(system.o)
 .debug_pubnames
                0x000008c3       0xee ../../BSP/Debug\libBSP.a(timers.o)
 .debug_pubnames
                0x000009b1       0xa7 ../../BSP/Debug\libBSP.a(uart.o)
 .debug_pubnames
                0x00000a58       0x9a ../../BSP/Debug\libBSP.a(uda1341ts.o)
 .debug_pubnames
                0x00000af2       0x40 ../../BSP/Debug\libBSP.a(dma.o)
 .debug_pubnames
                0x00000b32       0x1b ../../BSP/Debug\libBSP.a(font8x16.o)
 .debug_pubnames
                0x00000b4d       0x2d ../../BSP/Debug\libBSP.a(l3.o)

.debug_pubtypes
                0x00000000      0x313
 .debug_pubtypes
                0x00000000       0x66 ./proyecto.o
 .debug_pubtypes
                0x00000066       0x31 ../../BSP/Debug\libBSP.a(iis.o)
 .debug_pubtypes
                0x00000097       0x32 ../../BSP/Debug\libBSP.a(keypad.o)
 .debug_pubtypes
                0x000000c9       0x3c ../../BSP/Debug\libBSP.a(lcd.o)
 .debug_pubtypes
                0x00000105       0x27 ../../BSP/Debug\libBSP.a(leds.o)
 .debug_pubtypes
                0x0000012c       0x32 ../../BSP/Debug\libBSP.a(pbs.o)
 .debug_pubtypes
                0x0000015e       0x27 ../../BSP/Debug\libBSP.a(power.o)
 .debug_pubtypes
                0x00000185       0x36 ../../BSP/Debug\libBSP.a(rtc.o)
 .debug_pubtypes
                0x000001bb       0x27 ../../BSP/Debug\libBSP.a(segs.o)
 .debug_pubtypes
                0x000001e2       0x27 ../../BSP/Debug\libBSP.a(system.o)
 .debug_pubtypes
                0x00000209       0x3d ../../BSP/Debug\libBSP.a(timers.o)
 .debug_pubtypes
                0x00000246       0x48 ../../BSP/Debug\libBSP.a(uart.o)
 .debug_pubtypes
                0x0000028e       0x1c ../../BSP/Debug\libBSP.a(uda1341ts.o)
 .debug_pubtypes
                0x000002aa       0x1d ../../BSP/Debug\libBSP.a(dma.o)
 .debug_pubtypes
                0x000002c7       0x1c ../../BSP/Debug\libBSP.a(font8x16.o)
 .debug_pubtypes
                0x000002e3       0x30 ../../BSP/Debug\libBSP.a(l3.o)

.debug_aranges  0x00000000      0x1e0
 .debug_aranges
                0x00000000       0x20 ./proyecto.o
 .debug_aranges
                0x00000020       0x20 ../../BSP/Debug\libBSP.a(iis.o)
 .debug_aranges
                0x00000040       0x20 ../../BSP/Debug\libBSP.a(keypad.o)
 .debug_aranges
                0x00000060       0x20 ../../BSP/Debug\libBSP.a(lcd.o)
 .debug_aranges
                0x00000080       0x20 ../../BSP/Debug\libBSP.a(leds.o)
 .debug_aranges
                0x000000a0       0x20 ../../BSP/Debug\libBSP.a(pbs.o)
 .debug_aranges
                0x000000c0       0x20 ../../BSP/Debug\libBSP.a(power.o)
 .debug_aranges
                0x000000e0       0x20 ../../BSP/Debug\libBSP.a(rtc.o)
 .debug_aranges
                0x00000100       0x20 ../../BSP/Debug\libBSP.a(segs.o)
 .debug_aranges
                0x00000120       0x20 ../../BSP/Debug\libBSP.a(system.o)
 .debug_aranges
                0x00000140       0x20 ../../BSP/Debug\libBSP.a(timers.o)
 .debug_aranges
                0x00000160       0x20 ../../BSP/Debug\libBSP.a(uart.o)
 .debug_aranges
                0x00000180       0x20 ../../BSP/Debug\libBSP.a(uda1341ts.o)
 .debug_aranges
                0x000001a0       0x20 ../../BSP/Debug\libBSP.a(dma.o)
 .debug_aranges
                0x000001c0       0x20 ../../BSP/Debug\libBSP.a(l3.o)

.debug_str      0x00000000      0xca3
 .debug_str     0x00000000      0x2d3 ./proyecto.o
                                0x302 (size before relaxing)
 .debug_str     0x000002d3       0xfa ../../BSP/Debug\libBSP.a(iis.o)
                                0x193 (size before relaxing)
 .debug_str     0x000003cd       0xec ../../BSP/Debug\libBSP.a(keypad.o)
                                0x1c8 (size before relaxing)
 .debug_str     0x000004b9      0x156 ../../BSP/Debug\libBSP.a(lcd.o)
                                0x24f (size before relaxing)
 .debug_str     0x0000060f       0x3d ../../BSP/Debug\libBSP.a(leds.o)
                                0x11f (size before relaxing)
 .debug_str     0x0000064c       0xac ../../BSP/Debug\libBSP.a(pbs.o)
                                0x198 (size before relaxing)
 .debug_str     0x000006f8       0x36 ../../BSP/Debug\libBSP.a(power.o)
                                0x112 (size before relaxing)
 .debug_str     0x0000072e       0x4c ../../BSP/Debug\libBSP.a(rtc.o)
                                0x150 (size before relaxing)
 .debug_str     0x0000077a       0x23 ../../BSP/Debug\libBSP.a(segs.o)
                                0x125 (size before relaxing)
 .debug_str     0x0000079d      0x2d2 ../../BSP/Debug\libBSP.a(system.o)
                                0x3b3 (size before relaxing)
 .debug_str     0x00000a6f       0xc5 ../../BSP/Debug\libBSP.a(timers.o)
                                0x1cd (size before relaxing)
 .debug_str     0x00000b34       0x7f ../../BSP/Debug\libBSP.a(uart.o)
                                0x17a (size before relaxing)
 .debug_str     0x00000bb3       0x90 ../../BSP/Debug\libBSP.a(uda1341ts.o)
                                0x16b (size before relaxing)
 .debug_str     0x00000c43       0x2f ../../BSP/Debug\libBSP.a(dma.o)
                                0x105 (size before relaxing)
 .debug_str     0x00000c72       0x12 ../../BSP/Debug\libBSP.a(font8x16.o)
                                 0xec (size before relaxing)
 .debug_str     0x00000c84       0x1f ../../BSP/Debug\libBSP.a(l3.o)
                                0x10a (size before relaxing)

.comment        0x00000000       0x2a
 .comment       0x00000000       0x2a ./proyecto.o
                                 0x2b (size before relaxing)
 .comment       0x00000000       0x2b ../../BSP/Debug\libBSP.a(iis.o)
 .comment       0x00000000       0x2b ../../BSP/Debug\libBSP.a(keypad.o)
 .comment       0x00000000       0x2b ../../BSP/Debug\libBSP.a(lcd.o)
 .comment       0x00000000       0x2b ../../BSP/Debug\libBSP.a(leds.o)
 .comment       0x00000000       0x2b ../../BSP/Debug\libBSP.a(pbs.o)
 .comment       0x00000000       0x2b ../../BSP/Debug\libBSP.a(power.o)
 .comment       0x00000000       0x2b ../../BSP/Debug\libBSP.a(rtc.o)
 .comment       0x00000000       0x2b ../../BSP/Debug\libBSP.a(segs.o)
 .comment       0x00000000       0x2b ../../BSP/Debug\libBSP.a(system.o)
 .comment       0x00000000       0x2b ../../BSP/Debug\libBSP.a(timers.o)
 .comment       0x00000000       0x2b ../../BSP/Debug\libBSP.a(uart.o)
 .comment       0x00000000       0x2b ../../BSP/Debug\libBSP.a(uda1341ts.o)
 .comment       0x00000000       0x2b ../../BSP/Debug\libBSP.a(dma.o)
 .comment       0x00000000       0x2b ../../BSP/Debug\libBSP.a(font8x16.o)
 .comment       0x00000000       0x2b ../../BSP/Debug\libBSP.a(l3.o)

.ARM.attributes
                0x00000000       0x32
 .ARM.attributes
                0x00000000       0x32 ./proyecto.o
 .ARM.attributes
                0x00000032       0x32 ../../BSP/Debug\libBSP.a(iis.o)
 .ARM.attributes
                0x00000064       0x32 ../../BSP/Debug\libBSP.a(keypad.o)
 .ARM.attributes
                0x00000096       0x32 ../../BSP/Debug\libBSP.a(lcd.o)
 .ARM.attributes
                0x000000c8       0x32 ../../BSP/Debug\libBSP.a(leds.o)
 .ARM.attributes
                0x000000fa       0x32 ../../BSP/Debug\libBSP.a(pbs.o)
 .ARM.attributes
                0x0000012c       0x32 ../../BSP/Debug\libBSP.a(power.o)
 .ARM.attributes
                0x0000015e       0x32 ../../BSP/Debug\libBSP.a(rtc.o)
 .ARM.attributes
                0x00000190       0x32 ../../BSP/Debug\libBSP.a(segs.o)
 .ARM.attributes
                0x000001c2       0x32 ../../BSP/Debug\libBSP.a(system.o)
 .ARM.attributes
                0x000001f4       0x32 ../../BSP/Debug\libBSP.a(timers.o)
 .ARM.attributes
                0x00000226       0x32 ../../BSP/Debug\libBSP.a(uart.o)
 .ARM.attributes
                0x00000258       0x32 ../../BSP/Debug\libBSP.a(uda1341ts.o)
 .ARM.attributes
                0x0000028a       0x32 ../../BSP/Debug\libBSP.a(dma.o)
 .ARM.attributes
                0x000002bc       0x32 ../../BSP/Debug\libBSP.a(font8x16.o)
 .ARM.attributes
                0x000002ee       0x32 ../../BSP/Debug\libBSP.a(l3.o)
 .ARM.attributes
                0x00000320       0x1a c:/software/electronica/arm/eclipsearm/sourcery-g++-lite-arm-2011.03/bin/../lib/gcc/arm-none-eabi/4.5.2\libgcc.a(_udivsi3.o)
 .ARM.attributes
                0x0000033a       0x18 c:/software/electronica/arm/eclipsearm/sourcery-g++-lite-arm-2011.03/bin/../lib/gcc/arm-none-eabi/4.5.2\libgcc.a(_dvmd_tls.o)
 .ARM.attributes
                0x00000352       0x1a c:/software/electronica/arm/eclipsearm/sourcery-g++-lite-arm-2011.03/bin/../lib/gcc/arm-none-eabi/4.5.2\libgcc.a(_aeabi_uldivmod.o)
 .ARM.attributes
                0x0000036c       0x34 c:/software/electronica/arm/eclipsearm/sourcery-g++-lite-arm-2011.03/bin/../lib/gcc/arm-none-eabi/4.5.2\libgcc.a(bpabi.o)
 .ARM.attributes
                0x000003a0       0x34 c:/software/electronica/arm/eclipsearm/sourcery-g++-lite-arm-2011.03/bin/../lib/gcc/arm-none-eabi/4.5.2\libgcc.a(_divdi3.o)
 .ARM.attributes
                0x000003d4       0x34 c:/software/electronica/arm/eclipsearm/sourcery-g++-lite-arm-2011.03/bin/../lib/gcc/arm-none-eabi/4.5.2\libgcc.a(_udivdi3.o)
 .ARM.attributes
                0x00000408       0x1a c:/software/electronica/arm/eclipsearm/sourcery-g++-lite-arm-2011.03/bin/../lib/gcc/arm-none-eabi/4.5.2\libgcc.a(_clzsi2.o)

.debug_frame    0x00000000     0x17d4
 .debug_frame   0x00000000      0x29c ./proyecto.o
 .debug_frame   0x0000029c      0x158 ../../BSP/Debug\libBSP.a(iis.o)
 .debug_frame   0x000003f4      0x190 ../../BSP/Debug\libBSP.a(keypad.o)
 .debug_frame   0x00000584      0x270 ../../BSP/Debug\libBSP.a(lcd.o)
 .debug_frame   0x000007f4       0xb0 ../../BSP/Debug\libBSP.a(leds.o)
 .debug_frame   0x000008a4      0x190 ../../BSP/Debug\libBSP.a(pbs.o)
 .debug_frame   0x00000a34       0x70 ../../BSP/Debug\libBSP.a(power.o)
 .debug_frame   0x00000aa4       0xb0 ../../BSP/Debug\libBSP.a(rtc.o)
 .debug_frame   0x00000b54       0x90 ../../BSP/Debug\libBSP.a(segs.o)
 .debug_frame   0x00000be4      0x670 ../../BSP/Debug\libBSP.a(system.o)
 .debug_frame   0x00001254      0x1b8 ../../BSP/Debug\libBSP.a(timers.o)
 .debug_frame   0x0000140c      0x130 ../../BSP/Debug\libBSP.a(uart.o)
 .debug_frame   0x0000153c       0xf0 ../../BSP/Debug\libBSP.a(uda1341ts.o)
 .debug_frame   0x0000162c       0x70 ../../BSP/Debug\libBSP.a(dma.o)
 .debug_frame   0x0000169c       0x50 ../../BSP/Debug\libBSP.a(l3.o)
 .debug_frame   0x000016ec       0x20 c:/software/electronica/arm/eclipsearm/sourcery-g++-lite-arm-2011.03/bin/../lib/gcc/arm-none-eabi/4.5.2\libgcc.a(_udivsi3.o)
 .debug_frame   0x0000170c       0x50 c:/software/electronica/arm/eclipsearm/sourcery-g++-lite-arm-2011.03/bin/../lib/gcc/arm-none-eabi/4.5.2\libgcc.a(bpabi.o)
 .debug_frame   0x0000175c       0x3c c:/software/electronica/arm/eclipsearm/sourcery-g++-lite-arm-2011.03/bin/../lib/gcc/arm-none-eabi/4.5.2\libgcc.a(_divdi3.o)
 .debug_frame   0x00001798       0x3c c:/software/electronica/arm/eclipsearm/sourcery-g++-lite-arm-2011.03/bin/../lib/gcc/arm-none-eabi/4.5.2\libgcc.a(_udivdi3.o)
